// Jest Snapshot v1, https://jestjs.io/docs/snapshot-testing

exports[`tests targeting the TestObject interface takes a snapshot if \`snapshot\` is enabled: 1. captains-log (explicit) 1`] = `

var hi = 'hey';

      ↓ ↓ ↓ ↓ ↓ ↓

var ih = 'hey';

`;

exports[`tests targeting the TestObject interface takes a snapshot if \`snapshot\` is enabled: 2. black-box (preset) 1`] = `

var hi = 'hey';

      ↓ ↓ ↓ ↓ ↓ ↓

var ih = 'hey';

`;
