// Jest Snapshot v1, https://jestjs.io/docs/snapshot-testing

exports[`captains-log 2. captains-log: 2. captains-log 1`] = `

var output = paragraph + "one"+

'paragraph' + \`\\two\`

      ↓ ↓ ↓ ↓ ↓ ↓

var output = paragraph + 'one' + 'paragraph' + \`\\two\`;

`;
